npm warn Unknown env config "http-proxy". This will stop working in the next major version of npm.

> check
> npm run check:english && npm run check:first-play-clarity && npm run check:world-map && npm run check:story-mode && npm run check:data && npm run check:data-contract && npm run check:diagnostics && npm run check:skill-taxonomy && npm run check:skill-gacha && npm run check:kokoro-link-engine && npm run check:kokoro-link-abilities && npm run check:kokoro-link-power && npm run check:kokoro-link-status && npm run check:kokoro-link-tactics && npm run check:kokoro-link-complete && npm run check:kokoro-link-balance && npm run check:kokoro-link-party && npm run check:kokoro-link-battle && npm run check:kokoro-link-animation && npm run check:kokoro-link-analysis && npm run check:notices && npm run check:images && npm run check:ui-contract && npm run check:battle-switch && npm run check:battle-motion && npm run check:skill-impact && npm run check:battle-readability && npm run check:monster-dex && npm run check:character-dex && npm run check:character-gacha && npm run check:character-recycle && npm run check:map-dex && npm run check:contract-animation && npm run check:post-battle-contract && npm run check:three-way && npm run check:hunt-difficulty && npm run check:alchemy && npm run check:expedition && npm run check:golden-land && npm run check:save && npm run check:tutorial && npm run check:tutorial-ui && npm run check:prologue-tutorial-engine && npm run check:prologue-save-v2 && npm run check:prologue-battle-basics && npm run check:prologue-rescue-stability && npm run check:prologue-elna-contract && npm run check:prologue-home-front && npm run check:prologue-home-back && npm run check:prologue-stella-intro && npm run check:prologue-stella-mock && npm run check:prologue-lumina-alchemy && npm run check:prologue-expedition-finale && npm run check:prologue-comprehensive && npm run check:prologue-continuity && npm run check:prologue-mobile-clarity && npm run check:prologue-step-reduction && npm run check:tutorial-phase4a && npm run check:tutorial-phase4b && npm run check:tutorial-phase4c && npm run check:tutorial-phase5a && npm run check:tutorial-phase5b && npm run check:tutorial-phase6 && npm run check:contractor-rank && npm run check:contractor-rank-migration && npm run check:contractor-rank-events && npm run check:contractor-rank-rewards && npm run check:dev-command-center-requirements && npm run check:dev-command-center-foundation && npm run check:dev-command-center-github-reader && npm run check:dev-command-center-github-actions-reader && npm run check:dev-command-center-github-pages-reader && npm run check:dev-command-center-unified-status && npm run check:dev-command-center-next-action && npm run check:dev-command-center-dashboard && npm run check:dev-command-center-diagnostic-import && npm run check:dev-command-center-issue-draft && npm run check:dev-command-center-issue-publication-approval && npm run check:dev-command-center-github-issue-writer && npm run check:dev-command-center-comprehensive && npm run check:dev-tools-agent-execution-contract && npm run check:dev-inspection-agent-manual && npm run check:dev-inspection-agent-triggers && npm run check:dev-inspection-agent-reports && npm run check:dev-inspection-agent-issue-drafts && npm run check:dev-inspection-agent-isolation && npm run check:dev-inspection-agent-proposals && npm run check:dev-inspection-agent-publication-approval && npm run check:dev-inspection-agent-github-writer && npm run check:dev-inspection-agent-limited-autonomy && npm run check:dev-inspection-agent-formal-operation && npm run check:game-production-orchestrator && npm run check:balance-audit

npm warn Unknown env config "http-proxy". This will stop working in the next major version of npm.

> check:english
> node scripts/test-english-study.mjs

English study: curriculum parity, 30 unique words, choices, JST boundary, retry, daily cap, spaced review, persistence and backup passed.
npm warn Unknown env config "http-proxy". This will stop working in the next major version of npm.

> check:first-play-clarity
> node scripts/test-first-play-clarity.mjs

First-play clarity validation passed: repeated EXP/lock renders, duplicate UID isolation, closed/removed panels, 6 outcome labels, 4 expedition empty states. DOM-light only; browser/device QA remains pending.
npm warn Unknown env config "http-proxy". This will stop working in the next major version of npm.

> check:world-map
> node scripts/test-world-events.mjs && node scripts/test-world-map.mjs && node scripts/test-world-map-ui.mjs && node scripts/test-world-map-geography.mjs && node scripts/test-world-map-navigation.mjs && node scripts/test-world-map-dex.mjs && node scripts/test-prologue-world-map-path.mjs && node scripts/test-prologue-world-map-facilities.mjs && node scripts/test-world-map-facility-ui.mjs && node scripts/test-world-map-tutorial-migration.mjs && node scripts/test-world-map-prologue-journey.mjs && node scripts/test-world-map-downgrade-safety.mjs

World events passed: additive migration, independent persistence, one-time guides, receipt deduplication, Elysia/crisis, fair rift queues, loss/escape, and legacy values.
Battle expiry passed: 2/3 boundaries, reload, protected challenge, crisis, rift reset, same-result suppression and rediscovery.
World map adapter passed: 19 maps, rarity gates, events, save defaults, item preservation, victory dedupe and tutorial exclusion.
Adapter expiry passed: result deduplication, reload, challenge protection and held items.
World map UI contracts passed: 19 locations, navigation, candidates, event/ordinary entry, map discovery, departure guards. Browser/mobile visuals are not covered.
World map geography passed: aligned terrain, 14 non-overlapping mobile pins, south-side Kaen Village, lake-to-mouth waterway, submerged trench and six event anchors.
World map navigation persistence passed: legacy defaults, repair, location/difficulty reload, horizontal scroll and stale-event cleanup.
World map encyclopedia checks passed (19 difficulty sets, event-specific encounters, save-independent descriptions, contract/ID preservation).
Prologue world-map path passed (Battle -> Grassland -> Easy departure -> deterministic rescue, exact resume view, and v2 checkpoint compatibility).
Prologue facility routes passed (world map -> Magic Academy -> Stella / alchemy workshop -> Lumina, deterministic visits, resume, and old checkpoints).
World map facility UI passed: tutorial-only CTA, escaped copy, handler routing, and no exploration battle.
World-map tutorial migration fixtures passed: new/map/rescue/later checkpoints, v1 protection, terminal saves, idempotent assets, and one-time map intro.
World-map prologue journey passed: 148 live steps, two rescue waves, capital conversation and workshop route, rewards, alchemy, expedition, completion, and tutorial-free exploration.
fatal: invalid object name 'd31cfccd'.
node:internal/errors:985
  const err = new Error(message);
              ^

Error: Command failed: git show d31cfccd:js/tutorial.js
fatal: invalid object name 'd31cfccd'.

    at genericNodeError (node:internal/errors:985:15)
    at wrappedFn (node:internal/errors:539:14)
    at checkExecSyncError (node:child_process:942:11)
    at execFileSync (node:child_process:978:15)
    at file:///workspace/scratch/bf2061d2abfb/phase-b-implementation/scripts/test-world-map-downgrade-safety.mjs:9:18
    at ModuleJob.run (node:internal/modules/esm/module_job:439:25)
    at async node:internal/modules/esm/loader:643:26
    at async asyncRunEntryPointWithESMLoader (node:internal/modules/run_main:101:5) {
  status: 128,
  signal: null,
  output: [ null, '', "fatal: invalid object name 'd31cfccd'.\n" ],
  pid: 169,
  stdout: '',
  stderr: "fatal: invalid object name 'd31cfccd'.\n"
}

Node.js v24.19.0
