
=== media-check ===
PASS Phase4A DOM: node/time retention; temporary pause/resume; switch disposal and stale callback; five exits; simulated rejection/no retry loop/user retry; victory/next. Media API mocked, real decode is browser evidence.
PASS Phase D bounds: 400 numeric containment/aspect cases for 50 species; resize, zero-size fallback, observer disposal/stale callback. No physical foot or real browser/Galaxy layout acceptance.

=== lifecycle ===
{
  "kind": "Media API and lifecycle events mocked; not real playback/BFCache",
  "checks": [
    "foreground budget excludes 60 seconds offscreen; overlapping reasons; obsolete timer ignored",
    "timeout keeps commands usable; 20 retry clicks create one attempt; stale media events ignored",
    "switch during retry disposes source, handlers, timer and ignores delayed Promise",
    "HP/status/panel and temporary screen keep video and position",
    "simulated persisted pagehide disposes; pageshow reconciles current state once (not real BFCache)",
    "five battle-operation-exit-next cycles release owned resources",
    "play refusal static fallback, no auto retry, one successful manual retry",
    "simulated media error keeps battle commands usable",
    "initial reduced setting avoids fetching; change restores playback",
    "same-species candidates keep selected instance even after candidate order changes",
    "leave during loading ignores delayed error and play rejection"
  ],
  "pass": 11
}

=== multi ===
{
  "kind": "Media API mocked; not Android/decoder performance",
  "checks": [
    "three independent same-species records; HP/HUD updates retain all nodes and clocks",
    "one enemy failure and manual retry leave other lifetimes intact; stale event ignored",
    "stable budget 3→1→3, invalid upper bound rejected; dropped resources released",
    "three independent videos obey overlapping screen/hidden/reduced reasons",
    "one enemy knockout and ally switch dispose only affected lifetimes",
    "50 three-video battle/exit cycles release all owned resources",
    "actual invasion keeps HP/status/attack/guard, removes old video, and does not start an extra turn",
    "media knockout disposal preserves game object and contract/reward eligibility"
  ],
  "pass": 8
}

=== viewport ===
{
  "kind": "DOM + mocked media/IntersectionObserver; not real viewport or decoder",
  "checks": [
    "initial offscreen avoids source; hysteresis cancels stale timeout; same video resumes",
    "intersection cannot override hidden or reduced-motion reasons",
    "exit disconnects observer and rejects queued timer/observer callbacks",
    "ordinary gran registration, shared layout, mixed species independently stop and retain HP nodes"
  ],
  "pass": 4,
  "normalRegistered": 50,
  "defaultLimit": 1
}

=== map ===
{
  "scope": "19 background bindings in batches of at most3; DOM/media mocks only; horizon/body/HUD visual acceptance pending",
  "results": [
    {
      "batch": 1,
      "maps": [
        "grassland",
        "volcano",
        "lake"
      ],
      "pass": true
    },
    {
      "batch": 2,
      "maps": [
        "seikai_irie",
        "kaiyu_kaiiki",
        "deep_sea_end"
      ],
      "pass": true
    },
    {
      "batch": 3,
      "maps": [
        "snow_mountain",
        "forest",
        "light_plain"
      ],
      "pass": true
    },
    {
      "batch": 4,
      "maps": [
        "starry_plain",
        "highland_ruins",
        "arena"
      ],
      "pass": true
    },
    {
      "batch": 5,
      "maps": [
        "magic_academy",
        "ruined_village",
        "starsea"
      ],
      "pass": true
    },
    {
      "batch": 6,
      "maps": [
        "water_secret",
        "world_between",
        "kaen_village"
      ],
      "pass": true
    },
    {
      "batch": 7,
      "maps": [
        "golden_land"
      ],
      "pass": true
    }
  ],
  "passed": 19,
  "mixedSpeciesMaps": 19
}

=== catalog ===
{
  "total": 50,
  "registered": 50,
  "noVideoPrefetch": true,
  "singlePlayer": true,
  "sourceRelease": true,
  "hiddenPause": true,
  "errorFallback": true,
  "reviewPersistence": true,
  "assetVersionInvalidatesMark": true,
  "unregisteredNotAccepted": true,
  "saveUntouched": true,
  "scope": "DOM and mocked media; real device appearance/decoder not tested"
}
